[    1907ms] [ERROR] Failed to load resource: the server responded with a status of 500 (Internal Server Error) @ http://localhost:3000/ru:0
[    1974ms] [INFO] %cDownload the React DevTools for a better development experience: https://reactjs.org/link/react-devtools font-weight:bold @ http://localhost:3000/_next/static/chunks/node_modules_react-dom_cjs_react-dom_development_07i0ttg.js:25055
[    2027ms] Error: ./src/components/sections/FamilyTree/PersonCardModal.tsx:141:7
the name `ActionButton` is defined multiple times
  139 | `;
  140 |
> 141 | const ActionButton = styled.button`
      |       ^^^^^^^^^^^^
  142 |     background: ${color('landingCta')};
  143 |     color: ${color('white')};
  144 |     border: none;

Ecmascript file had an error

Import traces:
  Browser:
    ./src/components/sections/FamilyTree/PersonCardModal.tsx
    ./src/components/sections/FamilyTree/FamilyTree.tsx
    ./src/pages/tree.tsx

  SSR:
    ./src/components/sections/FamilyTree/PersonCardModal.tsx
    ./src/components/sections/FamilyTree/FamilyTree.tsx
    ./src/pages/tree.tsx


    at <unknown> (Error: ./src/components/sections/FamilyTree/PersonCardModal.tsx:141:7)
    at Object.getCompilationErrors (file://C:\Users\stani\projects\stammbaum\node_modules\next\dist\server\dev\hot-reloader-turbopack.js:1186:59)
    at DevBundlerService.getCompilationError (file://C:\Users\stani\projects\stammbaum\node_modules\next\dist\server\lib\dev-bundler-service.js:44:55)
    at DevServer.getCompilationError (file://C:\Users\stani\projects\stammbaum\node_modules\next\dist\server\dev\next-dev-server.js:720:42)
    at DevServer.findPageComponents (file://C:\Users\stani\projects\stammbaum\node_modules\next\dist\server\dev\next-dev-server.js:690:43)
    at async DevServer.renderErrorToResponseImpl (file://C:\Users\stani\projects\stammbaum\node_modules\next\dist\server\base-server.js:1753:26)
[    2023ms] [LOG] [HMR] connected @ http://localhost:3000/_next/static/chunks/node_modules_next_dist_0bc8q4g._.js:1233
[    2026ms] [ERROR] ./src/components/sections/FamilyTree/PersonCardModal.tsx:141:7
the name `ActionButton` is defined multiple times
  139 | `;
  140 |
> 141 | const ActionButton = styled.button`
      |       ^^^^^^^^^^^^
  142 |     background: ${color('landingCta')};
  143 |     color: ${color('white')};
  144 |     border: none;

Ecmascript file had an error

Import traces:
  Browser:
    ./src/components/sections/FamilyTree/PersonCardModal.tsx
    ./src/components/sections/FamilyTree/FamilyTree.tsx
    ./src/pages/tree.tsx

  SSR:
    ./src/components/sections/FamilyTree/PersonCardModal.tsx
    ./src/components/sections/FamilyTree/FamilyTree.tsx
    ./src/pages/tree.tsx @ http://localhost:3000/_next/static/chunks/node_modules_next_dist_0bc8q4g._.js:1952
[    2026ms] [ERROR] ./src/components/sections/FamilyTree/PersonCardModal.tsx:135:7
the name `ActionRow` is defined multiple times
  133 | `;
  134 |
> 135 | const ActionRow = styled.div`
      |       ^^^^^^^^^
  136 |     margin-top: 12px;
  137 |     display: flex;
  138 |     gap: 8px;

Ecmascript file had an error

Import traces:
  Browser:
    ./src/components/sections/FamilyTree/PersonCardModal.tsx
    ./src/components/sections/FamilyTree/FamilyTree.tsx
    ./src/pages/tree.tsx

  SSR:
    ./src/components/sections/FamilyTree/PersonCardModal.tsx
    ./src/components/sections/FamilyTree/FamilyTree.tsx
    ./src/pages/tree.tsx @ http://localhost:3000/_next/static/chunks/node_modules_next_dist_0bc8q4g._.js:1952
[    2026ms] [ERROR] ./src/components/sections/FamilyTree/PersonCardModal.tsx:45:7
the name `Avatar` is defined multiple times
  43 | `;
  44 |
> 45 | const Avatar = styled.div<{ $photo?: string }>`
     |       ^^^^^^
  46 |     width: 64px;
  47 |     height: 64px;
  48 |     border-radius: 50%;

Ecmascript file had an error

Import traces:
  Browser:
    ./src/components/sections/FamilyTree/PersonCardModal.tsx
    ./src/components/sections/FamilyTree/FamilyTree.tsx
    ./src/pages/tree.tsx

  SSR:
    ./src/components/sections/FamilyTree/PersonCardModal.tsx
    ./src/components/sections/FamilyTree/FamilyTree.tsx
    ./src/pages/tree.tsx @ http://localhost:3000/_next/static/chunks/node_modules_next_dist_0bc8q4g._.js:1952
[    2026ms] [ERROR] ./src/components/sections/FamilyTree/TreeSidebar.tsx:14:7
the name `Backdrop` is defined multiple times
  12 | } from './TreeSidebar.styled';
  13 |
> 14 | const Backdrop = styled.div<{ $open: boolean }>`
     |       ^^^^^^^^
  15 |     position: fixed;
  16 |     inset: 0;
  17 |     background: ${color('black', 0.18)};

Ecmascript file had an error

Import traces:
  Browser:
    ./src/components/sections/FamilyTree/TreeSidebar.tsx
    ./src/components/sections/FamilyTree/FamilyTree.tsx
    ./src/pages/tree.tsx

  SSR:
    ./src/components/sections/FamilyTree/TreeSidebar.tsx
    ./src/components/sections/FamilyTree/FamilyTree.tsx
    ./src/pages/tree.tsx @ http://localhost:3000/_next/static/chunks/node_modules_next_dist_0bc8q4g._.js:1952
[    2026ms] [ERROR] ./src/components/sections/FamilyTree/TreeSidebar.tsx:53:7
the name `CloseBtn` is defined multiple times
  51 | `;
  52 |
> 53 | const CloseBtn = styled.button`
     |       ^^^^^^^^
  54 |     background: transparent;
  55 |     border: none;
  56 |     color: ${color('textPrimary')};

Ecmascript file had an error

Import traces:
  Browser:
    ./src/components/sections/FamilyTree/TreeSidebar.tsx
    ./src/components/sections/FamilyTree/FamilyTree.tsx
    ./src/pages/tree.tsx

  SSR:
    ./src/components/sections/FamilyTree/TreeSidebar.tsx
    ./src/components/sections/FamilyTree/FamilyTree.tsx
    ./src/pages/tree.tsx @ http://localhost:3000/_next/static/chunks/node_modules_next_dist_0bc8q4g._.js:1952
[    2026ms] [ERROR] ./src/components/sections/FamilyTree/TreeSidebar.tsx:148:7
the name `CondensedMenuItem` is defined multiple times
  146 | `;
  147 |
> 148 | const CondensedMenuItem = styled(MenuItem)`
      |       ^^^^^^^^^^^^^^^^^
  149 |     ${font('mobileBody')};
  150 | `;
  151 |

Ecmascript file had an error

Import traces:
  Browser:
    ./src/components/sections/FamilyTree/TreeSidebar.tsx
    ./src/components/sections/FamilyTree/FamilyTree.tsx
    ./src/pages/tree.tsx

  SSR:
    ./src/components/sections/FamilyTree/TreeSidebar.tsx
    ./src/components/sections/FamilyTree/FamilyTree.tsx
    ./src/pages/tree.tsx @ http://localhost:3000/_next/static/chunks/node_modules_next_dist_0bc8q4g._.js:1952
[    2026ms] [ERROR] ./src/components/sections/FamilyTree/PersonCardModal.tsx:129:7
the name `Empty` is defined multiple times
  127 | `;
  128 |
> 129 | const Empty = styled.div`
      |       ^^^^^
  130 |     ${font('mobileControl')};
  131 |     color: ${color('textPrimary')};
  132 |     opacity: 0.6;

Ecmascript file had an error

Import traces:
  Browser:
    ./src/components/sections/FamilyTree/PersonCardModal.tsx
    ./src/components/sections/FamilyTree/FamilyTree.tsx
    ./src/pages/tree.tsx

  SSR:
    ./src/components/sections/FamilyTree/PersonCardModal.tsx
    ./src/components/sections/FamilyTree/FamilyTree.tsx
    ./src/pages/tree.tsx @ http://localhost:3000/_next/static/chunks/node_modules_next_dist_0bc8q4g._.js:1952
[    2026ms] [ERROR] ./src/components/sections/FamilyTree/PersonCardModal.tsx:61:7
the name `HeroMeta` is defined multiple times
  59 | `;
  60 |
> 61 | const HeroMeta = styled.div`
     |       ^^^^^^^^
  62 |     ${font('mobileControl')};
  63 |     color: ${color('textPrimary')};
  64 |     opacity: 0.75;

Ecmascript file had an error

Import traces:
  Browser:
    ./src/components/sections/FamilyTree/PersonCardModal.tsx
    ./src/components/sections/FamilyTree/FamilyTree.tsx
    ./src/pages/tree.tsx

  SSR:
    ./src/components/sections/FamilyTree/PersonCardModal.tsx
    ./src/components/sections/FamilyTree/FamilyTree.tsx
    ./src/pages/tree.tsx @ http://localhost:3000/_next/static/chunks/node_modules_next_dist_0bc8q4g._.js:1952
[    2026ms] [ERROR] ./src/components/sections/FamilyTree/PersonCardModal.tsx:56:7
the name `HeroName` is defined multiple times
  54 | `;
  55 |
> 56 | const HeroName = styled.div`
     |       ^^^^^^^^
  57 |     ${font('mobileHeader')};
  58 |     color: ${color('textPrimary')};
  59 | `;

Ecmascript file had an error

Import traces:
  Browser:
    ./src/components/sections/FamilyTree/PersonCardModal.tsx
    ./src/components/sections/FamilyTree/FamilyTree.tsx
    ./src/pages/tree.tsx

  SSR:
    ./src/components/sections/FamilyTree/PersonCardModal.tsx
    ./src/components/sections/FamilyTree/FamilyTree.tsx
    ./src/pages/tree.tsx @ http://localhost:3000/_next/static/chunks/node_modules_next_dist_0bc8q4g._.js:1952
[    2026ms] [ERROR] ./src/components/sections/FamilyTree/PersonCardModal.tsx:38:7
the name `Hero` is defined multiple times
  36 | } from './Modal.styled';
  37 |
> 38 | const Hero = styled.div`
     |       ^^^^
  39 |     display: flex;
  40 |     align-items: center;
  41 |     gap: 14px;

Ecmascript file had an error

Import traces:
  Browser:
    ./src/components/sections/FamilyTree/PersonCardModal.tsx
    ./src/components/sections/FamilyTree/FamilyTree.tsx
    ./src/pages/tree.tsx

  SSR:
    ./src/components/sections/FamilyTree/PersonCardModal.tsx
    ./src/components/sections/FamilyTree/FamilyTree.tsx
    ./src/pages/tree.tsx @ http://localhost:3000/_next/static/chunks/node_modules_next_dist_0bc8q4g._.js:1952
[    2026ms] [ERROR] ./src/components/sections/FamilyTree/PersonCardModal.tsx:119:7
the name `ListAvatar` is defined multiple times
  117 | `;
  118 |
> 119 | const ListAvatar = styled.div<{ $photo?: string }>`
      |       ^^^^^^^^^^
  120 |     width: 32px;
  121 |     height: 32px;
  122 |     border-radius: 50%;

Ecmascript file had an error

Import traces:
  Browser:
    ./src/components/sections/FamilyTree/PersonCardModal.tsx
    ./src/components/sections/FamilyTree/FamilyTree.tsx
    ./src/pages/tree.tsx

  SSR:
    ./src/components/sections/FamilyTree/PersonCardModal.tsx
    ./src/components/sections/FamilyTree/FamilyTree.tsx
    ./src/pages/tree.tsx @ http://localhost:3000/_next/static/chunks/node_modules_next_dist_0bc8q4g._.js:1952
[    2026ms] [ERROR] ./src/components/sections/FamilyTree/PersonCardModal.tsx:80:7
the name `ListItem` is defined multiple times
  78 | `;
  79 |
> 80 | const ListItem = styled.button`
     |       ^^^^^^^^
  81 |     flex: 1;
  82 |     background: transparent;
  83 |     border: none;

Ecmascript file had an error

Import traces:
  Browser:
    ./src/components/sections/FamilyTree/PersonCardModal.tsx
    ./src/components/sections/FamilyTree/FamilyTree.tsx
    ./src/pages/tree.tsx

  SSR:
    ./src/components/sections/FamilyTree/PersonCardModal.tsx
    ./src/components/sections/FamilyTree/FamilyTree.tsx
    ./src/pages/tree.tsx @ http://localhost:3000/_next/static/chunks/node_modules_next_dist_0bc8q4g._.js:1952
[    2026ms] [ERROR] ./src/components/sections/FamilyTree/PersonCardModal.tsx:67:7
the name `ListRow` is defined multiple times
  65 | `;
  66 |
> 67 | const ListRow = styled.div`
     |       ^^^^^^^
  68 |     display: flex;
  69 |     align-items: center;
  70 |     gap: 6px;

Ecmascript file had an error

Import traces:
  Browser:
    ./src/components/sections/FamilyTree/PersonCardModal.tsx
    ./src/components/sections/FamilyTree/FamilyTree.tsx
    ./src/pages/tree.tsx

  SSR:
    ./src/components/sections/FamilyTree/PersonCardModal.tsx
    ./src/components/sections/FamilyTree/FamilyTree.tsx
    ./src/pages/tree.tsx @ http://localhost:3000/_next/static/chunks/node_modules_next_dist_0bc8q4g._.js:1952
[    2026ms] [ERROR] ./src/components/sections/FamilyTree/TreeSidebar.tsx:133:7
the name `MenuItem` is defined multiple times
  131 | `;
  132 |
> 133 | const MenuItem = styled.button`
      |       ^^^^^^^^
  134 |     width: 100%;
  135 |     border: 0;
  136 |     background: transparent;

Ecmascript file had an error

Import traces:
  Browser:
    ./src/components/sections/FamilyTree/TreeSidebar.tsx
    ./src/components/sections/FamilyTree/FamilyTree.tsx
    ./src/pages/tree.tsx

  SSR:
    ./src/components/sections/FamilyTree/TreeSidebar.tsx
    ./src/components/sections/FamilyTree/FamilyTree.tsx
    ./src/pages/tree.tsx @ http://localhost:3000/_next/static/chunks/node_modules_next_dist_0bc8q4g._.js:1952
[    2026ms] [ERROR] ./src/components/sections/FamilyTree/TreeSidebar.tsx:124:7
the name `Menu` is defined multiple times
  122 | `;
  123 |
> 124 | const Menu = styled.ul`
      |       ^^^^
  125 |     list-style: none;
  126 |     margin: 0;
  127 |     padding: 8px 22px 22px;

Ecmascript file had an error

Import traces:
  Browser:
    ./src/components/sections/FamilyTree/TreeSidebar.tsx
    ./src/components/sections/FamilyTree/FamilyTree.tsx
    ./src/pages/tree.tsx

  SSR:
    ./src/components/sections/FamilyTree/TreeSidebar.tsx
    ./src/components/sections/FamilyTree/FamilyTree.tsx
    ./src/pages/tree.tsx @ http://localhost:3000/_next/static/chunks/node_modules_next_dist_0bc8q4g._.js:1952
[    2026ms] [ERROR] ./src/components/sections/FamilyTree/TreeSidebar.tsx:24:7
the name `Panel` is defined multiple times
  22 | `;
  23 |
> 24 | const Panel = styled.aside<{ $open: boolean }>`
     |       ^^^^^
  25 |     position: fixed;
  26 |     top: 0;
  27 |     right: 0;

Ecmascript file had an error

Import traces:
  Browser:
    ./src/components/sections/FamilyTree/TreeSidebar.tsx
    ./src/components/sections/FamilyTree/FamilyTree.tsx
    ./src/pages/tree.tsx

  SSR:
    ./src/components/sections/FamilyTree/TreeSidebar.tsx
    ./src/components/sections/FamilyTree/FamilyTree.tsx
    ./src/pages/tree.tsx @ http://localhost:3000/_next/static/chunks/node_modules_next_dist_0bc8q4g._.js:1952
[    2026ms] [ERROR] ./src/components/sections/FamilyTree/PersonCardModal.tsx:95:7
the name `RemoveRelationButton` is defined multiple times
  93 | `;
  94 |
> 95 | const RemoveRelationButton = styled.button`
     |       ^^^^^^^^^^^^^^^^^^^^
  96 |     flex: 0 0 auto;
  97 |     display: inline-flex;
  98 |     align-items: center;

Ecmascript file had an error

Import traces:
  Browser:
    ./src/components/sections/FamilyTree/PersonCardModal.tsx
    ./src/components/sections/FamilyTree/FamilyTree.tsx
    ./src/pages/tree.tsx

  SSR:
    ./src/components/sections/FamilyTree/PersonCardModal.tsx
    ./src/components/sections/FamilyTree/FamilyTree.tsx
    ./src/pages/tree.tsx @ http://localhost:3000/_next/static/chunks/node_modules_next_dist_0bc8q4g._.js:1952
[    2026ms] [ERROR] ./src/components/sections/FamilyTree/TreeSidebar.tsx:43:7
the name `TopBar` is defined multiple times
  41 | `;
  42 |
> 43 | const TopBar = styled.div`
     |       ^^^^^^
  44 |     padding: 18px 22px 12px;
  45 |     display: flex;
  46 |     align-items: center;

Ecmascript file had an error

Import traces:
  Browser:
    ./src/components/sections/FamilyTree/TreeSidebar.tsx
    ./src/components/sections/FamilyTree/FamilyTree.tsx
    ./src/pages/tree.tsx

  SSR:
    ./src/components/sections/FamilyTree/TreeSidebar.tsx
    ./src/components/sections/FamilyTree/FamilyTree.tsx
    ./src/pages/tree.tsx @ http://localhost:3000/_next/static/chunks/node_modules_next_dist_0bc8q4g._.js:1952
[    2026ms] [ERROR] ./src/components/sections/FamilyTree/TreeSidebar.tsx:74:7
the name `TreeSelect` is defined multiple times
  72 | `;
  73 |
> 74 | const TreeSelect = styled.select`
     |       ^^^^^^^^^^
  75 |     width: 100%;
  76 |     background: ${color('cream')};
  77 |     border: 2px solid ${color('forest')};

Ecmascript file had an error

Import traces:
  Browser:
    ./src/components/sections/FamilyTree/TreeSidebar.tsx
    ./src/components/sections/FamilyTree/FamilyTree.tsx
    ./src/pages/tree.tsx

  SSR:
    ./src/components/sections/FamilyTree/TreeSidebar.tsx
    ./src/components/sections/FamilyTree/FamilyTree.tsx
    ./src/pages/tree.tsx @ http://localhost:3000/_next/static/chunks/node_modules_next_dist_0bc8q4g._.js:1952
[    2081ms] [ERROR] ./src/components/sections/FamilyTree/PersonCardModal.tsx:141:7
the name `ActionButton` is defined multiple times
  139 | `;
  140 |
> 141 | const ActionButton = styled.button`
      |       ^^^^^^^^^^^^
  142 |     background: ${color('landingCta')};
  143 |     color: ${color('white')};
  144 |     border: none;

Ecmascript file had an error

Import traces:
  Browser:
    ./src/components/sections/FamilyTree/PersonCardModal.tsx
    ./src/components/sections/FamilyTree/FamilyTree.tsx
    ./src/pages/tree.tsx

  SSR:
    ./src/components/sections/FamilyTree/PersonCardModal.tsx
    ./src/components/sections/FamilyTree/FamilyTree.tsx
    ./src/pages/tree.tsx @ http://localhost:3000/_next/static/chunks/node_modules_next_dist_0bc8q4g._.js:1952
[    2081ms] [ERROR] ./src/components/sections/FamilyTree/PersonCardModal.tsx:135:7
the name `ActionRow` is defined multiple times
  133 | `;
  134 |
> 135 | const ActionRow = styled.div`
      |       ^^^^^^^^^
  136 |     margin-top: 12px;
  137 |     display: flex;
  138 |     gap: 8px;

Ecmascript file had an error

Import traces:
  Browser:
    ./src/components/sections/FamilyTree/PersonCardModal.tsx
    ./src/components/sections/FamilyTree/FamilyTree.tsx
    ./src/pages/tree.tsx

  SSR:
    ./src/components/sections/FamilyTree/PersonCardModal.tsx
    ./src/components/sections/FamilyTree/FamilyTree.tsx
    ./src/pages/tree.tsx @ http://localhost:3000/_next/static/chunks/node_modules_next_dist_0bc8q4g._.js:1952
[    2081ms] [ERROR] ./src/components/sections/FamilyTree/PersonCardModal.tsx:45:7
the name `Avatar` is defined multiple times
  43 | `;
  44 |
> 45 | const Avatar = styled.div<{ $photo?: string }>`
     |       ^^^^^^
  46 |     width: 64px;
  47 |     height: 64px;
  48 |     border-radius: 50%;

Ecmascript file had an error

Import traces:
  Browser:
    ./src/components/sections/FamilyTree/PersonCardModal.tsx
    ./src/components/sections/FamilyTree/FamilyTree.tsx
    ./src/pages/tree.tsx

  SSR:
    ./src/components/sections/FamilyTree/PersonCardModal.tsx
    ./src/components/sections/FamilyTree/FamilyTree.tsx
    ./src/pages/tree.tsx @ http://localhost:3000/_next/static/chunks/node_modules_next_dist_0bc8q4g._.js:1952
[    2081ms] [ERROR] ./src/components/sections/FamilyTree/TreeSidebar.tsx:14:7
the name `Backdrop` is defined multiple times
  12 | } from './TreeSidebar.styled';
  13 |
> 14 | const Backdrop = styled.div<{ $open: boolean }>`
     |       ^^^^^^^^
  15 |     position: fixed;
  16 |     inset: 0;
  17 |     background: ${color('black', 0.18)};

Ecmascript file had an error

Import traces:
  Browser:
    ./src/components/sections/FamilyTree/TreeSidebar.tsx
    ./src/components/sections/FamilyTree/FamilyTree.tsx
    ./src/pages/tree.tsx

  SSR:
    ./src/components/sections/FamilyTree/TreeSidebar.tsx
    ./src/components/sections/FamilyTree/FamilyTree.tsx
    ./src/pages/tree.tsx @ http://localhost:3000/_next/static/chunks/node_modules_next_dist_0bc8q4g._.js:1952
[    2081ms] [ERROR] ./src/components/sections/FamilyTree/TreeSidebar.tsx:53:7
the name `CloseBtn` is defined multiple times
  51 | `;
  52 |
> 53 | const CloseBtn = styled.button`
     |       ^^^^^^^^
  54 |     background: transparent;
  55 |     border: none;
  56 |     color: ${color('textPrimary')};

Ecmascript file had an error

Import traces:
  Browser:
    ./src/components/sections/FamilyTree/TreeSidebar.tsx
    ./src/components/sections/FamilyTree/FamilyTree.tsx
    ./src/pages/tree.tsx

  SSR:
    ./src/components/sections/FamilyTree/TreeSidebar.tsx
    ./src/components/sections/FamilyTree/FamilyTree.tsx
    ./src/pages/tree.tsx @ http://localhost:3000/_next/static/chunks/node_modules_next_dist_0bc8q4g._.js:1952
[    2081ms] [ERROR] ./src/components/sections/FamilyTree/TreeSidebar.tsx:148:7
the name `CondensedMenuItem` is defined multiple times
  146 | `;
  147 |
> 148 | const CondensedMenuItem = styled(MenuItem)`
      |       ^^^^^^^^^^^^^^^^^
  149 |     ${font('mobileBody')};
  150 | `;
  151 |

Ecmascript file had an error

Import traces:
  Browser:
    ./src/components/sections/FamilyTree/TreeSidebar.tsx
    ./src/components/sections/FamilyTree/FamilyTree.tsx
    ./src/pages/tree.tsx

  SSR:
    ./src/components/sections/FamilyTree/TreeSidebar.tsx
    ./src/components/sections/FamilyTree/FamilyTree.tsx
    ./src/pages/tree.tsx @ http://localhost:3000/_next/static/chunks/node_modules_next_dist_0bc8q4g._.js:1952
[    2081ms] [ERROR] ./src/components/sections/FamilyTree/PersonCardModal.tsx:129:7
the name `Empty` is defined multiple times
  127 | `;
  128 |
> 129 | const Empty = styled.div`
      |       ^^^^^
  130 |     ${font('mobileControl')};
  131 |     color: ${color('textPrimary')};
  132 |     opacity: 0.6;

Ecmascript file had an error

Import traces:
  Browser:
    ./src/components/sections/FamilyTree/PersonCardModal.tsx
    ./src/components/sections/FamilyTree/FamilyTree.tsx
    ./src/pages/tree.tsx

  SSR:
    ./src/components/sections/FamilyTree/PersonCardModal.tsx
    ./src/components/sections/FamilyTree/FamilyTree.tsx
    ./src/pages/tree.tsx @ http://localhost:3000/_next/static/chunks/node_modules_next_dist_0bc8q4g._.js:1952
[    2081ms] [ERROR] ./src/components/sections/FamilyTree/PersonCardModal.tsx:61:7
the name `HeroMeta` is defined multiple times
  59 | `;
  60 |
> 61 | const HeroMeta = styled.div`
     |       ^^^^^^^^
  62 |     ${font('mobileControl')};
  63 |     color: ${color('textPrimary')};
  64 |     opacity: 0.75;

Ecmascript file had an error

Import traces:
  Browser:
    ./src/components/sections/FamilyTree/PersonCardModal.tsx
    ./src/components/sections/FamilyTree/FamilyTree.tsx
    ./src/pages/tree.tsx

  SSR:
    ./src/components/sections/FamilyTree/PersonCardModal.tsx
    ./src/components/sections/FamilyTree/FamilyTree.tsx
    ./src/pages/tree.tsx @ http://localhost:3000/_next/static/chunks/node_modules_next_dist_0bc8q4g._.js:1952
[    2081ms] [ERROR] ./src/components/sections/FamilyTree/PersonCardModal.tsx:56:7
the name `HeroName` is defined multiple times
  54 | `;
  55 |
> 56 | const HeroName = styled.div`
     |       ^^^^^^^^
  57 |     ${font('mobileHeader')};
  58 |     color: ${color('textPrimary')};
  59 | `;

Ecmascript file had an error

Import traces:
  Browser:
    ./src/components/sections/FamilyTree/PersonCardModal.tsx
    ./src/components/sections/FamilyTree/FamilyTree.tsx
    ./src/pages/tree.tsx

  SSR:
    ./src/components/sections/FamilyTree/PersonCardModal.tsx
    ./src/components/sections/FamilyTree/FamilyTree.tsx
    ./src/pages/tree.tsx @ http://localhost:3000/_next/static/chunks/node_modules_next_dist_0bc8q4g._.js:1952
[    2082ms] [ERROR] ./src/components/sections/FamilyTree/PersonCardModal.tsx:38:7
the name `Hero` is defined multiple times
  36 | } from './Modal.styled';
  37 |
> 38 | const Hero = styled.div`
     |       ^^^^
  39 |     display: flex;
  40 |     align-items: center;
  41 |     gap: 14px;

Ecmascript file had an error

Import traces:
  Browser:
    ./src/components/sections/FamilyTree/PersonCardModal.tsx
    ./src/components/sections/FamilyTree/FamilyTree.tsx
    ./src/pages/tree.tsx

  SSR:
    ./src/components/sections/FamilyTree/PersonCardModal.tsx
    ./src/components/sections/FamilyTree/FamilyTree.tsx
    ./src/pages/tree.tsx @ http://localhost:3000/_next/static/chunks/node_modules_next_dist_0bc8q4g._.js:1952
[    2082ms] [ERROR] ./src/components/sections/FamilyTree/PersonCardModal.tsx:119:7
the name `ListAvatar` is defined multiple times
  117 | `;
  118 |
> 119 | const ListAvatar = styled.div<{ $photo?: string }>`
      |       ^^^^^^^^^^
  120 |     width: 32px;
  121 |     height: 32px;
  122 |     border-radius: 50%;

Ecmascript file had an error

Import traces:
  Browser:
    ./src/components/sections/FamilyTree/PersonCardModal.tsx
    ./src/components/sections/FamilyTree/FamilyTree.tsx
    ./src/pages/tree.tsx

  SSR:
    ./src/components/sections/FamilyTree/PersonCardModal.tsx
    ./src/components/sections/FamilyTree/FamilyTree.tsx
    ./src/pages/tree.tsx @ http://localhost:3000/_next/static/chunks/node_modules_next_dist_0bc8q4g._.js:1952
[    2082ms] [ERROR] ./src/components/sections/FamilyTree/PersonCardModal.tsx:80:7
the name `ListItem` is defined multiple times
  78 | `;
  79 |
> 80 | const ListItem = styled.button`
     |       ^^^^^^^^
  81 |     flex: 1;
  82 |     background: transparent;
  83 |     border: none;

Ecmascript file had an error

Import traces:
  Browser:
    ./src/components/sections/FamilyTree/PersonCardModal.tsx
    ./src/components/sections/FamilyTree/FamilyTree.tsx
    ./src/pages/tree.tsx

  SSR:
    ./src/components/sections/FamilyTree/PersonCardModal.tsx
    ./src/components/sections/FamilyTree/FamilyTree.tsx
    ./src/pages/tree.tsx @ http://localhost:3000/_next/static/chunks/node_modules_next_dist_0bc8q4g._.js:1952
[    2082ms] [ERROR] ./src/components/sections/FamilyTree/PersonCardModal.tsx:67:7
the name `ListRow` is defined multiple times
  65 | `;
  66 |
> 67 | const ListRow = styled.div`
     |       ^^^^^^^
  68 |     display: flex;
  69 |     align-items: center;
  70 |     gap: 6px;

Ecmascript file had an error

Import traces:
  Browser:
    ./src/components/sections/FamilyTree/PersonCardModal.tsx
    ./src/components/sections/FamilyTree/FamilyTree.tsx
    ./src/pages/tree.tsx

  SSR:
    ./src/components/sections/FamilyTree/PersonCardModal.tsx
    ./src/components/sections/FamilyTree/FamilyTree.tsx
    ./src/pages/tree.tsx @ http://localhost:3000/_next/static/chunks/node_modules_next_dist_0bc8q4g._.js:1952
[    2082ms] [ERROR] ./src/components/sections/FamilyTree/TreeSidebar.tsx:133:7
the name `MenuItem` is defined multiple times
  131 | `;
  132 |
> 133 | const MenuItem = styled.button`
      |       ^^^^^^^^
  134 |     width: 100%;
  135 |     border: 0;
  136 |     background: transparent;

Ecmascript file had an error

Import traces:
  Browser:
    ./src/components/sections/FamilyTree/TreeSidebar.tsx
    ./src/components/sections/FamilyTree/FamilyTree.tsx
    ./src/pages/tree.tsx

  SSR:
    ./src/components/sections/FamilyTree/TreeSidebar.tsx
    ./src/components/sections/FamilyTree/FamilyTree.tsx
    ./src/pages/tree.tsx @ http://localhost:3000/_next/static/chunks/node_modules_next_dist_0bc8q4g._.js:1952
[    2082ms] [ERROR] ./src/components/sections/FamilyTree/TreeSidebar.tsx:124:7
the name `Menu` is defined multiple times
  122 | `;
  123 |
> 124 | const Menu = styled.ul`
      |       ^^^^
  125 |     list-style: none;
  126 |     margin: 0;
  127 |     padding: 8px 22px 22px;

Ecmascript file had an error

Import traces:
  Browser:
    ./src/components/sections/FamilyTree/TreeSidebar.tsx
    ./src/components/sections/FamilyTree/FamilyTree.tsx
    ./src/pages/tree.tsx

  SSR:
    ./src/components/sections/FamilyTree/TreeSidebar.tsx
    ./src/components/sections/FamilyTree/FamilyTree.tsx
    ./src/pages/tree.tsx @ http://localhost:3000/_next/static/chunks/node_modules_next_dist_0bc8q4g._.js:1952
[    2082ms] [ERROR] ./src/components/sections/FamilyTree/TreeSidebar.tsx:24:7
the name `Panel` is defined multiple times
  22 | `;
  23 |
> 24 | const Panel = styled.aside<{ $open: boolean }>`
     |       ^^^^^
  25 |     position: fixed;
  26 |     top: 0;
  27 |     right: 0;

Ecmascript file had an error

Import traces:
  Browser:
    ./src/components/sections/FamilyTree/TreeSidebar.tsx
    ./src/components/sections/FamilyTree/FamilyTree.tsx
    ./src/pages/tree.tsx

  SSR:
    ./src/components/sections/FamilyTree/TreeSidebar.tsx
    ./src/components/sections/FamilyTree/FamilyTree.tsx
    ./src/pages/tree.tsx @ http://localhost:3000/_next/static/chunks/node_modules_next_dist_0bc8q4g._.js:1952
[    2082ms] [ERROR] ./src/components/sections/FamilyTree/PersonCardModal.tsx:95:7
the name `RemoveRelationButton` is defined multiple times
  93 | `;
  94 |
> 95 | const RemoveRelationButton = styled.button`
     |       ^^^^^^^^^^^^^^^^^^^^
  96 |     flex: 0 0 auto;
  97 |     display: inline-flex;
  98 |     align-items: center;

Ecmascript file had an error

Import traces:
  Browser:
    ./src/components/sections/FamilyTree/PersonCardModal.tsx
    ./src/components/sections/FamilyTree/FamilyTree.tsx
    ./src/pages/tree.tsx

  SSR:
    ./src/components/sections/FamilyTree/PersonCardModal.tsx
    ./src/components/sections/FamilyTree/FamilyTree.tsx
    ./src/pages/tree.tsx @ http://localhost:3000/_next/static/chunks/node_modules_next_dist_0bc8q4g._.js:1952
[    2082ms] [ERROR] ./src/components/sections/FamilyTree/TreeSidebar.tsx:43:7
the name `TopBar` is defined multiple times
  41 | `;
  42 |
> 43 | const TopBar = styled.div`
     |       ^^^^^^
  44 |     padding: 18px 22px 12px;
  45 |     display: flex;
  46 |     align-items: center;

Ecmascript file had an error

Import traces:
  Browser:
    ./src/components/sections/FamilyTree/TreeSidebar.tsx
    ./src/components/sections/FamilyTree/FamilyTree.tsx
    ./src/pages/tree.tsx

  SSR:
    ./src/components/sections/FamilyTree/TreeSidebar.tsx
    ./src/components/sections/FamilyTree/FamilyTree.tsx
    ./src/pages/tree.tsx @ http://localhost:3000/_next/static/chunks/node_modules_next_dist_0bc8q4g._.js:1952
[    2082ms] [ERROR] ./src/components/sections/FamilyTree/TreeSidebar.tsx:74:7
the name `TreeSelect` is defined multiple times
  72 | `;
  73 |
> 74 | const TreeSelect = styled.select`
     |       ^^^^^^^^^^
  75 |     width: 100%;
  76 |     background: ${color('cream')};
  77 |     border: 2px solid ${color('forest')};

Ecmascript file had an error

Import traces:
  Browser:
    ./src/components/sections/FamilyTree/TreeSidebar.tsx
    ./src/components/sections/FamilyTree/FamilyTree.tsx
    ./src/pages/tree.tsx

  SSR:
    ./src/components/sections/FamilyTree/TreeSidebar.tsx
    ./src/components/sections/FamilyTree/FamilyTree.tsx
    ./src/pages/tree.tsx @ http://localhost:3000/_next/static/chunks/node_modules_next_dist_0bc8q4g._.js:1952
