[    2298ms] [LOG] Running frontend commit 1396308eb98e74bf4f7c72c27e72fc0d1e952816 @ https://www.figma.com/design/prv7sv4lJ5UinIFpF9e1t6/Stammbaum--Copy-?node-id=567-6721:667
[    3778ms] [WARNING] Statsig is not ready to log exposures, will retry in 1 seconds @ https://www.figma.com/webpack-artifacts/assets/vendor-core-06f91ddf4d5160d5.min.js.br:53
[    3825ms] [ERROR] Failed to load resource: the server responded with a status of 403 (Forbidden) @ https://browser-intake-datadoghq.com/api/v2/rum:0
[    4274ms] [LOG] [import] git: e9068c0535c91ec3da7f477dc78ff701340a09db, stamp: C9773975F1E0D3D0 @ https://www.figma.com/webpack-artifacts/assets/vendor-core-06f91ddf4d5160d5.min.js.br:53
[    5209ms] [LOG] Loaded 239 scripts (13745846b), 90 from cache (3342594b) @ https://www.figma.com/webpack-artifacts/assets/vendor-core-06f91ddf4d5160d5.min.js.br:53
[    5342ms] [INFO] [Fullscreen] Booting... (emscripten version 4.0.21) @ https://www.figma.com/webpack-artifacts/assets/vendor-core-06f91ddf4d5160d5.min.js.br:53
[    5427ms] [INFO] [GPU] graphicsAPI:"WebGL 2", vendor:"Google Inc. (Intel)", renderer:"ANGLE (Intel, Intel(R) UHD Graphics (0x00004626) Direct3D11 vs_5_0 ps_5_0, D3D11)" version:"OpenGL ES 3.0 (WebGL 2.0 (OpenGL ES 3.0 Chromium))" @ https://www.figma.com/webpack-artifacts/assets/vendor-core-06f91ddf4d5160d5.min.js.br:53
[    5433ms] [LOG] [Fullscreen] Ready in 880.7ms @ https://www.figma.com/webpack-artifacts/assets/vendor-core-06f91ddf4d5160d5.min.js.br:53
[    5437ms] [WARNING] The powerPreference option is currently ignored when calling requestAdapter() on Windows. See https://crbug.com/369219127 @ https://www.figma.com/webpack-artifacts/assets/2884-9764662982bec87b.min.js.br:26
[    5437ms] [WARNING] The powerPreference option is currently ignored when calling requestAdapter() on Windows. See https://crbug.com/369219127 @ https://www.figma.com/webpack-artifacts/assets/2884-9764662982bec87b.min.js.br:26
[    5557ms] [INFO] [FullscreenApp] calling setEditorTheme and setting preference light @ https://www.figma.com/webpack-artifacts/assets/vendor-core-06f91ddf4d5160d5.min.js.br:53
[    5614ms] [INFO] [MultiplayerSession] connecting to wss://www.figma.com/api/multiplayer/prv7sv4lJ5UinIFpF9e1t6?role=editor&tracking_session_id=WBCZtSFLQ7r9qe8U&version=225&recentReload=0&file-load-streaming-compression&scenegraph-queries-initial-nodes=567:6721&client_release=1396308eb98e74bf4f7c72c27e72fc0d1e952816 @ https://www.figma.com/webpack-artifacts/assets/vendor-core-06f91ddf4d5160d5.min.js.br:53
[    5649ms] [INFO] [FullscreenApp] calling setEditorTheme and setting preference light @ https://www.figma.com/webpack-artifacts/assets/vendor-core-06f91ddf4d5160d5.min.js.br:53
[    6683ms] [INFO] [MultiplayerSession] Joining file version 106 (initial load) @ https://www.figma.com/webpack-artifacts/assets/vendor-core-06f91ddf4d5160d5.min.js.br:53
[    6997ms] [LOG] Migration succeeded: context: fullscreen_migrate_SceneGraphManager, version: 106, duration: 0ms. @ https://www.figma.com/webpack-artifacts/assets/vendor-core-06f91ddf4d5160d5.min.js.br:53
[    8055ms] [WARNING] Canvas2D: Multiple readback operations using getImageData are faster with the willReadFrequently attribute set to true. See: https://html.spec.whatwg.org/multipage/canvas.html#concept-canvas-will-read-frequently @ https://static.figma.com/fullscreen/1396308eb98e74bf4f7c72c27e72fc0d1e952816/fullscreen-wasm/compiled_wasm.js.br:1
[    8152ms] [WARNING] Canvas2D: Multiple readback operations using getImageData are faster with the willReadFrequently attribute set to true. See: https://html.spec.whatwg.org/multipage/canvas.html#concept-canvas-will-read-frequently @ https://static.figma.com/fullscreen/1396308eb98e74bf4f7c72c27e72fc0d1e952816/fullscreen-wasm/compiled_wasm.js.br:1
[    8209ms] [INFO] afterJoinEnd PageSyncing: Loaded incrementally {loaded_pages: 31:56} @ https://www.figma.com/webpack-artifacts/assets/vendor-core-06f91ddf4d5160d5.min.js.br:53
[    8358ms] [ERROR] Failed to load resource: the server responded with a status of 401 () @ https://www.figma.com/api/design_systems/libraries_by_library_keys:0
[    8453ms] [ERROR] Failed to load resource: the server responded with a status of 401 () @ https://www.figma.com/api/mobile_app_push/prv7sv4lJ5UinIFpF9e1t6:0
[    8487ms] [LOG] [Fullscreen] loadtime=8.20s maxmem=37970132 @ https://www.figma.com/webpack-artifacts/assets/vendor-core-06f91ddf4d5160d5.min.js.br:53
[    8499ms] v: XHR for "/api/mobile_app_push/prv7sv4lJ5UinIFpF9e1t6" failed with status 401
    at w (https://www.figma.com/webpack-artifacts/assets/1997-8ccb6592eefb25a8.min.js.br:1379:47573)
    at async Object.o [as post] (https://www.figma.com/webpack-artifacts/assets/1997-8ccb6592eefb25a8.min.js.br:1379:48905)
[  250573ms] [LOG] [Livegraph] Connection closed. Code: 1006, reason:  @ https://www.figma.com/webpack-artifacts/assets/vendor-core-06f91ddf4d5160d5.min.js.br:53
[  252648ms] [INFO] [MultiplayerSession] connecting to wss://www.figma.com/api/multiplayer/prv7sv4lJ5UinIFpF9e1t6?role=editor&tracking_session_id=WBCZtSFLQ7r9qe8U&version=225&recentReload=0&file-load-streaming-compression=&scenegraph-queries-initial-nodes=31%3A56&client_release=1396308eb98e74bf4f7c72c27e72fc0d1e952816&reconnect-key=d005407406254beb94bfd6e373c304a9af548dbe&reconnect-sequence-number=174681&initialFileVersion=106&previousLoadMode=incremental&incremental-loading-validation=0 @ https://www.figma.com/webpack-artifacts/assets/vendor-core-06f91ddf4d5160d5.min.js.br:53
[  253740ms] [INFO] [MultiplayerSession] Joining file version 106 (skip_reload reconnect) @ https://www.figma.com/webpack-artifacts/assets/vendor-core-06f91ddf4d5160d5.min.js.br:53
[  253742ms] [INFO] afterJoinEnd PageSyncing: Loaded incrementally {loaded_pages: 31:56} @ https://www.figma.com/webpack-artifacts/assets/vendor-core-06f91ddf4d5160d5.min.js.br:53
